310000 660
2 3 1 1 3 1 1
0 4 40000
3 4 40000
0 1 55000
1 2 55000
6 1 55000
4 5 65000