1445000 865
1 1 2 1 2 3 2 2 2 2
5 9 35000
5 6 50000
6 7 50000
3 4 100000
2 9 120000
7 8 220000
0 8 220000
4 5 250000
1 2 400000